Archive member included to satisfy reference by file (symbol)

/opt/st/stm32cubeide_2.0.0/plugins/com.st.stm32cube.ide.mcu.externaltools.gnu-tools-for-stm32.13.3.rel1.linux64_1.0.100.202509120712/tools/bin/../lib/gcc/arm-none-eabi/13.3.1/../../../../arm-none-eabi/lib/thumb/v7e-m+fp/hard/libc_nano.a(libc_a-exit.o)
                              /opt/st/stm32cubeide_2.0.0/plugins/com.st.stm32cube.ide.mcu.externaltools.gnu-tools-for-stm32.13.3.rel1.linux64_1.0.100.202509120712/tools/bin/../lib/gcc/arm-none-eabi/13.3.1/../../../../arm-none-eabi/lib/thumb/v7e-m+fp/hard/crt0.o (exit)
/opt/st/stm32cubeide_2.0.0/plugins/com.st.stm32cube.ide.mcu.externaltools.gnu-tools-for-stm32.13.3.rel1.linux64_1.0.100.202509120712/tools/bin/../lib/gcc/arm-none-eabi/13.3.1/../../../../arm-none-eabi/lib/thumb/v7e-m+fp/hard/libc_nano.a(libc_a-findfp.o)
                              /opt/st/stm32cubeide_2.0.0/plugins/com.st.stm32cube.ide.mcu.externaltools.gnu-tools-for-stm32.13.3.rel1.linux64_1.0.100.202509120712/tools/bin/../lib/gcc/arm-none-eabi/13.3.1/../../../../arm-none-eabi/lib/thumb/v7e-m+fp/hard/libc_nano.a(libc_a-exit.o) (__stdio_exit_handler)
/opt/st/stm32cubeide_2.0.0/plugins/com.st.stm32cube.ide.mcu.externaltools.gnu-tools-for-stm32.13.3.rel1.linux64_1.0.100.202509120712/tools/bin/../lib/gcc/arm-none-eabi/13.3.1/../../../../arm-none-eabi/lib/thumb/v7e-m+fp/hard/libc_nano.a(libc_a-fwalk.o)
                              /opt/st/stm32cubeide_2.0.0/plugins/com.st.stm32cube.ide.mcu.externaltools.gnu-tools-for-stm32.13.3.rel1.linux64_1.0.100.202509120712/tools/bin/../lib/gcc/arm-none-eabi/13.3.1/../../../../arm-none-eabi/lib/thumb/v7e-m+fp/hard/libc_nano.a(libc_a-findfp.o) (_fwalk_sglue)
/opt/st/stm32cubeide_2.0.0/plugins/com.st.stm32cube.ide.mcu.externaltools.gnu-tools-for-stm32.13.3.rel1.linux64_1.0.100.202509120712/tools/bin/../lib/gcc/arm-none-eabi/13.3.1/../../../../arm-none-eabi/lib/thumb/v7e-m+fp/hard/libc_nano.a(libc_a-stdio.o)
                              /opt/st/stm32cubeide_2.0.0/plugins/com.st.stm32cube.ide.mcu.externaltools.gnu-tools-for-stm32.13.3.rel1.linux64_1.0.100.202509120712/tools/bin/../lib/gcc/arm-none-eabi/13.3.1/../../../../arm-none-eabi/lib/thumb/v7e-m+fp/hard/libc_nano.a(libc_a-findfp.o) (__sread)
/opt/st/stm32cubeide_2.0.0/plugins/com.st.stm32cube.ide.mcu.externaltools.gnu-tools-for-stm32.13.3.rel1.linux64_1.0.100.202509120712/tools/bin/../lib/gcc/arm-none-eabi/13.3.1/../../../../arm-none-eabi/lib/thumb/v7e-m+fp/hard/libc_nano.a(libc_a-memcmp.o)
                              ./Core/Src/i2c_lcd.o (memcmp)
/opt/st/stm32cubeide_2.0.0/plugins/com.st.stm32cube.ide.mcu.externaltools.gnu-tools-for-stm32.13.3.rel1.linux64_1.0.100.202509120712/tools/bin/../lib/gcc/arm-none-eabi/13.3.1/../../../../arm-none-eabi/lib/thumb/v7e-m+fp/hard/libc_nano.a(libc_a-memset.o)
                              /opt/st/stm32cubeide_2.0.0/plugins/com.st.stm32cube.ide.mcu.externaltools.gnu-tools-for-stm32.13.3.rel1.linux64_1.0.100.202509120712/tools/bin/../lib/gcc/arm-none-eabi/13.3.1/../../../../arm-none-eabi/lib/thumb/v7e-m+fp/hard/crt0.o (memset)
/opt/st/stm32cubeide_2.0.0/plugins/com.st.stm32cube.ide.mcu.externaltools.gnu-tools-for-stm32.13.3.rel1.linux64_1.0.100.202509120712/tools/bin/../lib/gcc/arm-none-eabi/13.3.1/../../../../arm-none-eabi/lib/thumb/v7e-m+fp/hard/libc_nano.a(libc_a-closer.o)
                              /opt/st/stm32cubeide_2.0.0/plugins/com.st.stm32cube.ide.mcu.externaltools.gnu-tools-for-stm32.13.3.rel1.linux64_1.0.100.202509120712/tools/bin/../lib/gcc/arm-none-eabi/13.3.1/../../../../arm-none-eabi/lib/thumb/v7e-m+fp/hard/libc_nano.a(libc_a-stdio.o) (_close_r)
/opt/st/stm32cubeide_2.0.0/plugins/com.st.stm32cube.ide.mcu.externaltools.gnu-tools-for-stm32.13.3.rel1.linux64_1.0.100.202509120712/tools/bin/../lib/gcc/arm-none-eabi/13.3.1/../../../../arm-none-eabi/lib/thumb/v7e-m+fp/hard/libc_nano.a(libc_a-reent.o)
                              /opt/st/stm32cubeide_2.0.0/plugins/com.st.stm32cube.ide.mcu.externaltools.gnu-tools-for-stm32.13.3.rel1.linux64_1.0.100.202509120712/tools/bin/../lib/gcc/arm-none-eabi/13.3.1/../../../../arm-none-eabi/lib/thumb/v7e-m+fp/hard/libc_nano.a(libc_a-closer.o) (errno)
/opt/st/stm32cubeide_2.0.0/plugins/com.st.stm32cube.ide.mcu.externaltools.gnu-tools-for-stm32.13.3.rel1.linux64_1.0.100.202509120712/tools/bin/../lib/gcc/arm-none-eabi/13.3.1/../../../../arm-none-eabi/lib/thumb/v7e-m+fp/hard/libc_nano.a(libc_a-impure.o)
                              /opt/st/stm32cubeide_2.0.0/plugins/com.st.stm32cube.ide.mcu.externaltools.gnu-tools-for-stm32.13.3.rel1.linux64_1.0.100.202509120712/tools/bin/../lib/gcc/arm-none-eabi/13.3.1/../../../../arm-none-eabi/lib/thumb/v7e-m+fp/hard/libc_nano.a(libc_a-reent.o) (_impure_ptr)
/opt/st/stm32cubeide_2.0.0/plugins/com.st.stm32cube.ide.mcu.externaltools.gnu-tools-for-stm32.13.3.rel1.linux64_1.0.100.202509120712/tools/bin/../lib/gcc/arm-none-eabi/13.3.1/../../../../arm-none-eabi/lib/thumb/v7e-m+fp/hard/libc_nano.a(libc_a-lseekr.o)
[...]
Memory Configuration

Name             Origin             Length             Attributes
RAM              0x20000000         0x00020000         xrw
FLASH            0x08000000         0x00080000         xr
*default*        0x00000000         0xffffffff

Linker script and memory map

LOAD /opt/st/stm32cubeide_2.0.0/plugins/com.st.stm32cube.ide.mcu.externaltools.gnu-tools-for-stm32.13.3.rel1.linux64_1.0.100.202509120712/tools/bin/../lib/gcc/arm-none-eabi/13.3.1/thumb/v7e-m+fp/hard/crti.o
LOAD /opt/st/stm32cubeide_2.0.0/plugins/com.st.stm32cube.ide.mcu.externaltools.gnu-tools-for-stm32.13.3.rel1.linux64_1.0.100.202509120712/tools/bin/../lib/gcc/arm-none-eabi/13.3.1/thumb/v7e-m+fp/hard/crtbegin.o
LOAD /opt/st/stm32cubeide_2.0.0/plugins/com.st.stm32cube.ide.mcu.externaltools.gnu-tools-for-stm32.13.3.rel1.linux64_1.0.100.202509120712/tools/bin/../lib/gcc/arm-none-eabi/13.3.1/../../../../arm-none-eabi/lib/thumb/v7e-m+fp/hard/crt0.o
LOAD ./Core/Src/7seg.o
LOAD ./Core/Src/button.o
LOAD ./Core/Src/delay.o
LOAD ./Core/Src/elevator.o
LOAD ./Core/Src/fnd.o
LOAD ./Core/Src/gpio.o
LOAD ./Core/Src/i2c.o
LOAD ./Core/Src/i2c_lcd.o
LOAD ./Core/Src/ledbar.o
LOAD ./Core/Src/main.o
LOAD ./Core/Src/motor.o
LOAD ./Core/Src/stepper.o
LOAD ./Core/Src/stm32f4xx_hal_msp.o
LOAD ./Core/Src/stm32f4xx_it.o
LOAD ./Core/Src/syscalls.o
LOAD ./Core/Src/sysmem.o
LOAD ./Core/Src/system_stm32f4xx.o
LOAD ./Core/Src/tim.o
LOAD ./Core/Startup/startup_stm32f411retx.o
LOAD ./Drivers/STM32F4xx_HAL_Driver/Src/stm32f4xx_hal.o
LOAD ./Drivers/STM32F4xx_HAL_Driver/Src/stm32f4xx_hal_cortex.o
LOAD ./Drivers/STM32F4xx_HAL_Driver/Src/stm32f4xx_hal_dma.o
LOAD ./Drivers/STM32F4xx_HAL_Driver/Src/stm32f4xx_hal_dma_ex.o
LOAD ./Drivers/STM32F4xx_HAL_Driver/Src/stm32f4xx_hal_exti.o
LOAD ./Drivers/STM32F4xx_HAL_Driver/Src/stm32f4xx_hal_flash.o
LOAD ./Drivers/STM32F4xx_HAL_Driver/Src/stm32f4xx_hal_flash_ex.o
LOAD ./Drivers/STM32F4xx_HAL_Driver/Src/stm32f4xx_hal_flash_ramfunc.o
LOAD ./Drivers/STM32F4xx_HAL_Driver/Src/stm32f4xx_hal_gpio.o
LOAD ./Drivers/STM32F4xx_HAL_Driver/Src/stm32f4xx_hal_i2c.o
LOAD ./Drivers/STM32F4xx_HAL_Driver/Src/stm32f4xx_hal_i2c_ex.o
LOAD ./Drivers/STM32F4xx_HAL_Driver/Src/stm32f4xx_hal_pwr.o
LOAD ./Drivers/STM32F4xx_HAL_Driver/Src/stm32f4xx_hal_pwr_ex.o
LOAD ./Drivers/STM32F4xx_HAL_Driver/Src/stm32f4xx_hal_rcc.o
LOAD ./Drivers/STM32F4xx_HAL_Driver/Src/stm32f4xx_hal_rcc_ex.o
LOAD ./Drivers/STM32F4xx_HAL_Driver/Src/stm32f4xx_hal_tim.o
LOAD ./Drivers/STM32F4xx_HAL_Driver/Src/stm32f4xx_hal_tim_ex.o
START GROUP
LOAD /opt/st/stm32cubeide_2.0.0/plugins/com.st.stm32cube.ide.mcu.externaltools.gnu-tools-for-stm32.13.3.rel1.linux64_1.0.100.202509120712/tools/bin/../lib/gcc/arm-none-eabi/13.3.1/../../../../arm-none-eabi/lib/thumb/v7e-m+fp/hard/libc_nano.a
LOAD /opt/st/stm32cubeide_2.0.0/plugins/com.st.stm32cube.ide.mcu.externaltools.gnu-tools-for-stm32.13.3.rel1.linux64_1.0.100.202509120712/tools/bin/../lib/gcc/arm-none-eabi/13.3.1/../../../../arm-none-eabi/lib/thumb/v7e-m+fp/hard/libm.a
END GROUP
START GROUP
LOAD /opt/st/stm32cubeide_2.0.0/plugins/com.st.stm32cube.ide.mcu.externaltools.gnu-tools-for-stm32.13.3.rel1.linux64_1.0.100.202509120712/tools/bin/../lib/gcc/arm-none-eabi/13.3.1/thumb/v7e-m+fp/hard/libgcc.a
LOAD /opt/st/stm32cubeide_2.0.0/plugins/com.st.stm32cube.ide.mcu.externaltools.gnu-tools-for-stm32.13.3.rel1.linux64_1.0.100.202509120712/tools/bin/../lib/gcc/arm-none-eabi/13.3.1/../../../../arm-none-eabi/lib/thumb/v7e-m+fp/hard/libc_nano.a
END GROUP
START GROUP
LOAD /opt/st/stm32cubeide_2.0.0/plugins/com.st.stm32cube.ide.mcu.externaltools.gnu-tools-for-stm32.13.3.rel1.linux64_1.0.100.202509120712/tools/bin/../lib/gcc/arm-none-eabi/13.3.1/thumb/v7e-m+fp/hard/libgcc.a
LOAD /opt/st/stm32cubeide_2.0.0/plugins/com.st.stm32cube.ide.mcu.externaltools.gnu-tools-for-stm32.13.3.rel1.linux64_1.0.100.202509120712/tools/bin/../lib/gcc/arm-none-eabi/13.3.1/../../../../arm-none-eabi/lib/thumb/v7e-m+fp/hard/libc_nano.a
LOAD /opt/st/stm32cubeide_2.0.0/plugins/com.st.stm32cube.ide.mcu.externaltools.gnu-tools-for-stm32.13.3.rel1.linux64_1.0.100.202509120712/tools/bin/../lib/gcc/arm-none-eabi/13.3.1/../../../../arm-none-eabi/lib/thumb/v7e-m+fp/hard/libnosys.a
END GROUP
START GROUP
LOAD /opt/st/stm32cubeide_2.0.0/plugins/com.st.stm32cube.ide.mcu.externaltools.gnu-tools-for-stm32.13.3.rel1.linux64_1.0.100.202509120712/tools/bin/../lib/gcc/arm-none-eabi/13.3.1/thumb/v7e-m+fp/hard/libgcc.a
LOAD /opt/st/stm32cubeide_2.0.0/plugins/com.st.stm32cube.ide.mcu.externaltools.gnu-tools-for-stm32.13.3.rel1.linux64_1.0.100.202509120712/tools/bin/../lib/gcc/arm-none-eabi/13.3.1/../../../../arm-none-eabi/lib/thumb/v7e-m+fp/hard/libc_nano.a
LOAD /opt/st/stm32cubeide_2.0.0/plugins/com.st.stm32cube.ide.mcu.externaltools.gnu-tools-for-stm32.13.3.rel1.linux64_1.0.100.202509120712/tools/bin/../lib/gcc/arm-none-eabi/13.3.1/../../../../arm-none-eabi/lib/thumb/v7e-m+fp/hard/libnosys.a
END GROUP
LOAD /opt/st/stm32cubeide_2.0.0/plugins/com.st.stm32cube.ide.mcu.externaltools.gnu-tools-for-stm32.13.3.rel1.linux64_1.0.100.202509120712/tools/bin/../lib/gcc/arm-none-eabi/13.3.1/thumb/v7e-m+fp/hard/crtend.o
LOAD /opt/st/stm32cubeide_2.0.0/plugins/com.st.stm32cube.ide.mcu.externaltools.gnu-tools-for-stm32.13.3.rel1.linux64_1.0.100.202509120712/tools/bin/../lib/gcc/arm-none-eabi/13.3.1/thumb/v7e-m+fp/hard/crtn.o
                0x20020000                        _estack = (ORIGIN (RAM) + LENGTH (RAM))
                0x00000200                        _Min_Heap_Size = 0x200
                0x00000400                        _Min_Stack_Size = 0x400

.isr_vector     0x08000000      0x198
                0x08000000                        . = ALIGN (0x4)
 *(.isr_vector)
 .isr_vector    0x08000000      0x198 ./Core/Startup/startup_stm32f411retx.o
                0x08000000                g_pfnVectors
                0x08000198                        . = ALIGN (0x4)

.text           0x08000198     0x4874
                0x08000198                        . = ALIGN (0x4)
 *(.text)
 .text          0x08000198       0x40 /opt/st/stm32cubeide_2.0.0/plugins/com.st.stm32cube.ide.mcu.externaltools.gnu-tools-for-stm32.13.3.rel1.linux64_1.0.100.202509120712/tools/bin/../lib/gcc/arm-none-eabi/13.3.1/thumb/v7e-m+fp/hard/crtbegin.o
 .text          0x080001d8       0x30 /opt/st/stm32cubeide_2.0.0/plugins/com.st.stm32cube.ide.mcu.externaltools.gnu-tools-for-stm32.13.3.rel1.linux64_1.0.100.202509120712/tools/bin/../lib/gcc/arm-none-eabi/13.3.1/thumb/v7e-m+fp/hard/libgcc.a(_aeabi_uldivmod.o)
                0x080001d8                __aeabi_uldivmod
 .text          0x08000208      0x2f8 /opt/st/stm32cubeide_2.0.0/plugins/com.st.stm32cube.ide.mcu.externaltools.gnu-tools-for-stm32.13.3.rel1.linux64_1.0.100.202509120712/tools/bin/../lib/gcc/arm-none-eabi/13.3.1/thumb/v7e-m+fp/hard/libgcc.a(_udivmoddi4.o)
                0x08000208                __udivmoddi4
 .text          0x08000500        0x4 /opt/st/stm32cubeide_2.0.0/plugins/com.st.stm32cube.ide.mcu.externaltools.gnu-tools-for-stm32.13.3.rel1.linux64_1.0.100.202509120712/tools/bin/../lib/gcc/arm-none-eabi/13.3.1/thumb/v7e-m+fp/hard/libgcc.a(_dvmd_tls.o)
                0x08000500                __aeabi_ldiv0
                0x08000500                __aeabi_idiv0
 *(.text*)
 .text.dataOut_SEG
                0x08000504       0x98 ./Core/Src/7seg.o
                0x08000504                dataOut_SEG
 .text.SEVEN_SEG_Init
                0x0800059c       0x10 ./Core/Src/7seg.o
                0x0800059c                SEVEN_SEG_Init
 .text.SEVEN_SEG
                0x080005ac       0x24 ./Core/Src/7seg.o
                0x080005ac                SEVEN_SEG
 .text.buttonGetPressed
                0x080005d0       0xe4 ./Core/Src/button.o
                0x080005d0                buttonGetPressed
 .text.delay_us
                0x080006b4       0x34 ./Core/Src/delay.o
                0x080006b4                delay_us
 .text.DOOR_SET
                0x080006e8       0x48 ./Core/Src/elevator.o
 .text.CHECK_FLOOR_OVERFLOW
                0x08000730       0x2e ./Core/Src/elevator.o
                0x08000730                CHECK_FLOOR_OVERFLOW
 .text.REQ_BIT  0x0800075e       0x36 ./Core/Src/elevator.o
                0x0800075e                REQ_BIT
 .text.REQ_CHECK
                0x08000794       0x42 ./Core/Src/elevator.o
                0x08000794                REQ_CHECK
 *fill*         0x080007d6        0x2 
 .text.REQ_TOGGLE
                0x080007d8       0x38 ./Core/Src/elevator.o
                0x080007d8                REQ_TOGGLE
 .text.REQ_NEAREST
                0x08000810       0x7c ./Core/Src/elevator.o
                0x08000810                REQ_NEAREST
 .text.ELEVATOR_DIR
                0x0800088c       0x50 ./Core/Src/elevator.o
                0x0800088c                ELEVATOR_DIR
 .text.OUT_REQ_SET_UP
                0x080008dc       0x38 ./Core/Src/elevator.o
                0x080008dc                OUT_REQ_SET_UP
 .text.OUT_REQ_SET_DOWN
                0x08000914       0x38 ./Core/Src/elevator.o
                0x08000914                OUT_REQ_SET_DOWN
 .text.OUT_REQ_CLEAR_UP
                0x0800094c       0x3c ./Core/Src/elevator.o
                0x0800094c                OUT_REQ_CLEAR_UP
 .text.OUT_REQ_CLEAR_DOWN
                0x08000988       0x3c ./Core/Src/elevator.o
                0x08000988                OUT_REQ_CLEAR_DOWN
 .text.ALL_OUTPUTS_OFF
                0x080009c4       0x1e ./Core/Src/elevator.o
                0x080009c4                ALL_OUTPUTS_OFF
 *fill*         0x080009e2        0x2 
 .text.MOTOR_STOP
                0x080009e4       0x20 ./Core/Src/elevator.o
                0x080009e4                MOTOR_STOP
 .text.CHANGED_FLOOR
                0x08000a04      0x254 ./Core/Src/elevator.o
                0x08000a04                CHANGED_FLOOR
 .text.ELEVATOR_MOVE
                0x08000c58      0x540 ./Core/Src/elevator.o
                0x08000c58                ELEVATOR_MOVE
 .text.dataOut_FND
                0x08001198       0x90 ./Core/Src/fnd.o
                0x08001198                dataOut_FND
 .text.Dig_AllOff
                0x08001228       0x50 ./Core/Src/fnd.o
                0x08001228                Dig_AllOff
 .text.Dig_SINGLE_ON
                0x08001278       0x44 ./Core/Src/fnd.o
                0x08001278                Dig_SINGLE_ON
 .text.FND_ScanOnce
                0x080012bc       0x4c ./Core/Src/fnd.o
                0x080012bc                FND_ScanOnce
 .text.tiny_delay
                0x08001308       0x28 ./Core/Src/fnd.o
 .text.floor_to_seg
                0x08001330       0x38 ./Core/Src/fnd.o
 .text.FND_Init
                0x08001368       0x2c ./Core/Src/fnd.o
                0x08001368                FND_Init
 .text.FND_DIR_Up
                0x08001394       0x24 ./Core/Src/fnd.o
                0x08001394                FND_DIR_Up
 .text.FND_DIR_Down
                0x080013b8       0x24 ./Core/Src/fnd.o
                0x080013b8                FND_DIR_Down
 .text.FND_Floor_Num
                0x080013dc       0x28 ./Core/Src/fnd.o
                0x080013dc                FND_Floor_Num
 .text.FND_UP   0x08001404       0x44 ./Core/Src/fnd.o
                0x08001404                FND_UP
 .text.FND_DOWN
                0x08001448       0x44 ./Core/Src/fnd.o
                0x08001448                FND_DOWN
 .text.MX_GPIO_Init
                0x0800148c      0x1f0 ./Core/Src/gpio.o
                0x0800148c                MX_GPIO_Init
 .text.MX_I2C1_Init
                0x0800167c       0x5c ./Core/Src/i2c.o
                0x0800167c                MX_I2C1_Init
 .text.HAL_I2C_MspInit
                0x080016d8       0x90 ./Core/Src/i2c.o
                0x080016d8                HAL_I2C_MspInit
 .text.HAL_I2C_MspDeInit
                0x08001768       0x48 ./Core/Src/i2c.o
                0x08001768                HAL_I2C_MspDeInit
 .text.lcd_i2c_tx
                0x080017b0       0x5c ./Core/Src/i2c_lcd.o
 .text.lcd_command
                0x0800180c       0x54 ./Core/Src/i2c_lcd.o
                0x0800180c                lcd_command
 .text.lcd_data
                0x08001860       0x54 ./Core/Src/i2c_lcd.o
                0x08001860                lcd_data
 .text.i2c_lcd_init_check
                0x080018b4       0x6c ./Core/Src/i2c_lcd.o
                0x080018b4                i2c_lcd_init_check
 .text.i2c_lcd_init
                0x08001920        0xc ./Core/Src/i2c_lcd.o
                0x08001920                i2c_lcd_init
 .text.lcd_string
                0x0800192c       0x2a ./Core/Src/i2c_lcd.o
                0x0800192c                lcd_string
 .text.move_cursor
                0x08001956       0x30 ./Core/Src/i2c_lcd.o
                0x08001956                move_cursor
 .text.fill_spaces_16
                0x08001986       0x38 ./Core/Src/i2c_lcd.o
 .text.make_line16
                0x080019be       0x4e ./Core/Src/i2c_lcd.o
 .text.LCD_SetText2Lines
                0x08001a0c       0x2c ./Core/Src/i2c_lcd.o
                0x08001a0c                LCD_SetText2Lines
 .text.LCD_CommitIfChanged
                0x08001a38       0xb4 ./Core/Src/i2c_lcd.o
                0x08001a38                LCD_CommitIfChanged
 .text.dataOut_LED
                0x08001aec       0x8c ./Core/Src/ledbar.o
                0x08001aec                dataOut_LED
 .text.LED_BAR_Reset
                0x08001b78       0x50 ./Core/Src/ledbar.o
                0x08001b78                LED_BAR_Reset
 .text.LED_BAR_OFF
                0x08001bc8       0x18 ./Core/Src/ledbar.o
                0x08001bc8                LED_BAR_OFF
 .text.LED_BAR_UP_ing
                0x08001be0       0xd4 ./Core/Src/ledbar.o
                0x08001be0                LED_BAR_UP_ing
 .text.LED_BAR_DOWN_ing
                0x08001cb4       0xd4 ./Core/Src/ledbar.o
                0x08001cb4                LED_BAR_DOWN_ing
 .text.HAL_GPIO_EXTI_Callback
                0x08001d88       0x44 ./Core/Src/main.o
                0x08001d88                HAL_GPIO_EXTI_Callback
 .text.main     0x08001dcc       0x80 ./Core/Src/main.o
                0x08001dcc                main
 .text.SystemClock_Config
                0x08001e4c       0xd0 ./Core/Src/main.o
                0x08001e4c                SystemClock_Config
 .text.Error_Handler
                0x08001f1c        0xc ./Core/Src/main.o
                0x08001f1c                Error_Handler
 .text.Elevator_Open
                0x08001f28       0x20 ./Core/Src/motor.o
                0x08001f28                Elevator_Open
 .text.Elevator_Close
                0x08001f48       0x20 ./Core/Src/motor.o
                0x08001f48                Elevator_Close
 .text.stepMotor
                0x08001f68       0x6c ./Core/Src/stepper.o
                0x08001f68                stepMotor
 .text.rotateSteps
                0x08001fd4       0xb4 ./Core/Src/stepper.o
                0x08001fd4                rotateSteps
 .text.rotateInit
                0x08002088       0x18 ./Core/Src/stepper.o
                0x08002088                rotateInit
 .text.HAL_MspInit
                0x080020a0       0x50 ./Core/Src/stm32f4xx_hal_msp.o
                0x080020a0                HAL_MspInit
 .text.NMI_Handler
                0x080020f0        0x8 ./Core/Src/stm32f4xx_it.o
                0x080020f0                NMI_Handler
 .text.HardFault_Handler
                0x080020f8        0x8 ./Core/Src/stm32f4xx_it.o
                0x080020f8                HardFault_Handler
 .text.MemManage_Handler
                0x08002100        0x8 ./Core/Src/stm32f4xx_it.o
                0x08002100                MemManage_Handler
 .text.BusFault_Handler
                0x08002108        0x8 ./Core/Src/stm32f4xx_it.o
                0x08002108                BusFault_Handler
 .text.UsageFault_Handler
                0x08002110        0x8 ./Core/Src/stm32f4xx_it.o
                0x08002110                UsageFault_Handler
 .text.SVC_Handler
                0x08002118        0xe ./Core/Src/stm32f4xx_it.o
                0x08002118                SVC_Handler
 .text.DebugMon_Handler
                0x08002126        0xe ./Core/Src/stm32f4xx_it.o
                0x08002126                DebugMon_Handler
 .text.PendSV_Handler
                0x08002134        0xe ./Core/Src/stm32f4xx_it.o
                0x08002134                PendSV_Handler
 .text.SysTick_Handler
                0x08002142        0xc ./Core/Src/stm32f4xx_it.o
                0x08002142                SysTick_Handler
 .text.EXTI1_IRQHandler
                0x0800214e        0xe ./Core/Src/stm32f4xx_it.o
                0x0800214e                EXTI1_IRQHandler
 .text.EXTI2_IRQHandler
                0x0800215c        0xe ./Core/Src/stm32f4xx_it.o
                0x0800215c                EXTI2_IRQHandler
 .text.EXTI3_IRQHandler
                0x0800216a        0xe ./Core/Src/stm32f4xx_it.o
                0x0800216a                EXTI3_IRQHandler
 .text.SystemInit
                0x08002178       0x24 ./Core/Src/system_stm32f4xx.o
                0x08002178                SystemInit
 .text.MX_TIM3_Init
                0x0800219c       0xcc ./Core/Src/tim.o
                0x0800219c                MX_TIM3_Init
 .text.MX_TIM11_Init
                0x08002268       0x48 ./Core/Src/tim.o
                0x08002268                MX_TIM11_Init
 .text.HAL_TIM_PWM_MspInit
                0x080022b0       0x44 ./Core/Src/tim.o
                0x080022b0                HAL_TIM_PWM_MspInit
 .text.HAL_TIM_Base_MspInit
                0x080022f4       0x44 ./Core/Src/tim.o
                0x080022f4                HAL_TIM_Base_MspInit
 .text.HAL_TIM_MspPostInit
                0x08002338       0x74 ./Core/Src/tim.o
                0x08002338                HAL_TIM_MspPostInit
 .text.Reset_Handler
                0x080023ac       0x50 ./Core/Startup/startup_stm32f411retx.o
                0x080023ac                Reset_Handler
 .text.Default_Handler
                0x080023fc        0x2 ./Core/Startup/startup_stm32f411retx.o
                0x080023fc                RTC_Alarm_IRQHandler
                0x080023fc                SPI4_IRQHandler
                0x080023fc                TIM1_CC_IRQHandler
                0x080023fc                DMA2_Stream5_IRQHandler
                0x080023fc                DMA1_Stream5_IRQHandler
                0x080023fc                PVD_IRQHandler
                0x080023fc                SDIO_IRQHandler
                0x080023fc                TAMP_STAMP_IRQHandler
                0x080023fc                TIM1_UP_TIM10_IRQHandler
                0x080023fc                I2C3_ER_IRQHandler
                0x080023fc                EXTI0_IRQHandler
                0x080023fc                I2C2_EV_IRQHandler
                0x080023fc                DMA1_Stream2_IRQHandler
                0x080023fc                FPU_IRQHandler
                0x080023fc                DMA2_Stream2_IRQHandler
                0x080023fc                SPI1_IRQHandler
                0x080023fc                TIM1_BRK_TIM9_IRQHandler
                0x080023fc                DMA2_Stream3_IRQHandler
                0x080023fc                USART6_IRQHandler
                0x080023fc                DMA2_Stream0_IRQHandler
                0x080023fc                TIM4_IRQHandler
                0x080023fc                I2C1_EV_IRQHandler
                0x080023fc                DMA1_Stream6_IRQHandler
                0x080023fc                DMA1_Stream1_IRQHandler
                0x080023fc                TIM3_IRQHandler
                0x080023fc                RCC_IRQHandler
                0x080023fc                Default_Handler
                0x080023fc                EXTI15_10_IRQHandler
                0x080023fc                ADC_IRQHandler
                0x080023fc                DMA1_Stream7_IRQHandler
                0x080023fc                SPI5_IRQHandler
                0x080023fc                TIM5_IRQHandler
                0x080023fc                DMA2_Stream7_IRQHandler
                0x080023fc                I2C3_EV_IRQHandler
                0x080023fc                EXTI9_5_IRQHandler
                0x080023fc                RTC_WKUP_IRQHandler
                0x080023fc                SPI2_IRQHandler
                0x080023fc                DMA1_Stream0_IRQHandler
                0x080023fc                EXTI4_IRQHandler
                0x080023fc                WWDG_IRQHandler
                0x080023fc                TIM2_IRQHandler
                0x080023fc                OTG_FS_WKUP_IRQHandler
                0x080023fc                TIM1_TRG_COM_TIM11_IRQHandler
                0x080023fc                USART2_IRQHandler
                0x080023fc                I2C2_ER_IRQHandler
                0x080023fc                DMA2_Stream1_IRQHandler
                0x080023fc                FLASH_IRQHandler
                0x080023fc                DMA2_Stream4_IRQHandler
                0x080023fc                USART1_IRQHandler
                0x080023fc                OTG_FS_IRQHandler
                0x080023fc                SPI3_IRQHandler
                0x080023fc                DMA1_Stream4_IRQHandler
                0x080023fc                I2C1_ER_IRQHandler
                0x080023fc                DMA2_Stream6_IRQHandler
                0x080023fc                DMA1_Stream3_IRQHandler
 *fill*         0x080023fe        0x2 
 .text.HAL_Init
                0x08002400       0x44 ./Drivers/STM32F4xx_HAL_Driver/Src/stm32f4xx_hal.o
                0x08002400                HAL_Init
 .text.HAL_InitTick
                0x08002444       0x60 ./Drivers/STM32F4xx_HAL_Driver/Src/stm32f4xx_hal.o
                0x08002444                HAL_InitTick
 .text.HAL_IncTick
                0x080024a4       0x28 ./Drivers/STM32F4xx_HAL_Driver/Src/stm32f4xx_hal.o
                0x080024a4                HAL_IncTick
 .text.HAL_GetTick
                0x080024cc       0x18 ./Drivers/STM32F4xx_HAL_Driver/Src/stm32f4xx_hal.o
                0x080024cc                HAL_GetTick
 .text.HAL_Delay
                0x080024e4       0x48 ./Drivers/STM32F4xx_HAL_Driver/Src/stm32f4xx_hal.o
                0x080024e4                HAL_Delay
 .text.__NVIC_SetPriorityGrouping
                0x0800252c       0x48 ./Drivers/STM32F4xx_HAL_Driver/Src/stm32f4xx_hal_cortex.o
 .text.__NVIC_GetPriorityGrouping
                0x08002574       0x1c ./Drivers/STM32F4xx_HAL_Driver/Src/stm32f4xx_hal_cortex.o
 .text.__NVIC_EnableIRQ
                0x08002590       0x3c ./Drivers/STM32F4xx_HAL_Driver/Src/stm32f4xx_hal_cortex.o
 .text.__NVIC_SetPriority
                0x080025cc       0x54 ./Drivers/STM32F4xx_HAL_Driver/Src/stm32f4xx_hal_cortex.o
 .text.NVIC_EncodePriority
                0x08002620       0x66 ./Drivers/STM32F4xx_HAL_Driver/Src/stm32f4xx_hal_cortex.o
 *fill*         0x08002686        0x2 
 .text.SysTick_Config
                0x08002688       0x44 ./Drivers/STM32F4xx_HAL_Driver/Src/stm32f4xx_hal_cortex.o
 .text.HAL_NVIC_SetPriorityGrouping
                0x080026cc       0x16 ./Drivers/STM32F4xx_HAL_Driver/Src/stm32f4xx_hal_cortex.o
                0x080026cc                HAL_NVIC_SetPriorityGrouping
 .text.HAL_NVIC_SetPriority
                0x080026e2       0x38 ./Drivers/STM32F4xx_HAL_Driver/Src/stm32f4xx_hal_cortex.o
                0x080026e2                HAL_NVIC_SetPriority
 .text.HAL_NVIC_EnableIRQ
                0x0800271a       0x1c ./Drivers/STM32F4xx_HAL_Driver/Src/stm32f4xx_hal_cortex.o
                0x0800271a                HAL_NVIC_EnableIRQ
 .text.HAL_SYSTICK_Config
                0x08002736       0x18 ./Drivers/STM32F4xx_HAL_Driver/Src/stm32f4xx_hal_cortex.o
                0x08002736                HAL_SYSTICK_Config
 *fill*         0x0800274e        0x2 
 .text.HAL_GPIO_Init
                0x08002750      0x308 ./Drivers/STM32F4xx_HAL_Driver/Src/stm32f4xx_hal_gpio.o
                0x08002750                HAL_GPIO_Init
 .text.HAL_GPIO_DeInit
                0x08002a58      0x1c8 ./Drivers/STM32F4xx_HAL_Driver/Src/stm32f4xx_hal_gpio.o
                0x08002a58                HAL_GPIO_DeInit
 .text.HAL_GPIO_ReadPin
                0x08002c20       0x30 ./Drivers/STM32F4xx_HAL_Driver/Src/stm32f4xx_hal_gpio.o
                0x08002c20                HAL_GPIO_ReadPin
 .text.HAL_GPIO_WritePin
                0x08002c50       0x32 ./Drivers/STM32F4xx_HAL_Driver/Src/stm32f4xx_hal_gpio.o
                0x08002c50                HAL_GPIO_WritePin
 *fill*         0x08002c82        0x2 
 .text.HAL_GPIO_EXTI_IRQHandler
                0x08002c84       0x30 ./Drivers/STM32F4xx_HAL_Driver/Src/stm32f4xx_hal_gpio.o
                0x08002c84                HAL_GPIO_EXTI_IRQHandler
 .text.HAL_I2C_Init
                0x08002cb4      0x288 ./Drivers/STM32F4xx_HAL_Driver/Src/stm32f4xx_hal_i2c.o
                0x08002cb4                HAL_I2C_Init
 .text.HAL_I2C_DeInit
                0x08002f3c       0x5e ./Drivers/STM32F4xx_HAL_Driver/Src/stm32f4xx_hal_i2c.o
                0x08002f3c                HAL_I2C_DeInit
 *fill*         0x08002f9a        0x2 
 .text.HAL_I2C_Master_Transmit
                0x08002f9c      0x1fc ./Drivers/STM32F4xx_HAL_Driver/Src/stm32f4xx_hal_i2c.o
                0x08002f9c                HAL_I2C_Master_Transmit
 .text.I2C_MasterRequestWrite
                0x08003198      0x104 ./Drivers/STM32F4xx_HAL_Driver/Src/stm32f4xx_hal_i2c.o
 .text.I2C_WaitOnFlagUntilTimeout
                0x0800329c       0xf4 ./Drivers/STM32F4xx_HAL_Driver/Src/stm32f4xx_hal_i2c.o
 .text.I2C_WaitOnMasterAddressFlagUntilTimeout
                0x08003390      0x140 ./Drivers/STM32F4xx_HAL_Driver/Src/stm32f4xx_hal_i2c.o
 .text.I2C_WaitOnTXEFlagUntilTimeout
                0x080034d0       0x90 ./Drivers/STM32F4xx_HAL_Driver/Src/stm32f4xx_hal_i2c.o
 .text.I2C_WaitOnBTFFlagUntilTimeout
                0x08003560       0x90 ./Drivers/STM32F4xx_HAL_Driver/Src/stm32f4xx_hal_i2c.o
 .text.I2C_IsAcknowledgeFailed
                0x080035f0       0x5e ./Drivers/STM32F4xx_HAL_Driver/Src/stm32f4xx_hal_i2c.o
 *fill*         0x0800364e        0x2 
 .text.HAL_RCC_OscConfig
                0x08003650      0x4f0 ./Drivers/STM32F4xx_HAL_Driver/Src/stm32f4xx_hal_rcc.o
                0x08003650                HAL_RCC_OscConfig
 .text.HAL_RCC_ClockConfig
                0x08003b40      0x1cc ./Drivers/STM32F4xx_HAL_Driver/Src/stm32f4xx_hal_rcc.o
                0x08003b40                HAL_RCC_ClockConfig
 .text.HAL_RCC_GetSysClockFreq
                0x08003d0c      0x20c ./Drivers/STM32F4xx_HAL_Driver/Src/stm32f4xx_hal_rcc.o
                0x08003d0c                HAL_RCC_GetSysClockFreq
 .text.HAL_RCC_GetHCLKFreq
                0x08003f18       0x18 ./Drivers/STM32F4xx_HAL_Driver/Src/stm32f4xx_hal_rcc.o
                0x08003f18                HAL_RCC_GetHCLKFreq
 .text.HAL_RCC_GetPCLK1Freq
                0x08003f30       0x28 ./Drivers/STM32F4xx_HAL_Driver/Src/stm32f4xx_hal_rcc.o
                0x08003f30                HAL_RCC_GetPCLK1Freq
 .text.HAL_TIM_Base_Init
                0x08003f58       0x9e ./Drivers/STM32F4xx_HAL_Driver/Src/stm32f4xx_hal_tim.o
                0x08003f58                HAL_TIM_Base_Init
 *fill*         0x08003ff6        0x2 
 .text.HAL_TIM_Base_Start
                0x08003ff8       0xb4 ./Drivers/STM32F4xx_HAL_Driver/Src/stm32f4xx_hal_tim.o
                0x08003ff8                HAL_TIM_Base_Start
 .text.HAL_TIM_PWM_Init
                0x080040ac       0x9e ./Drivers/STM32F4xx_HAL_Driver/Src/stm32f4xx_hal_tim.o
                0x080040ac                HAL_TIM_PWM_Init
 *fill*         0x0800414a        0x2 
 .text.HAL_TIM_PWM_Start
                0x0800414c      0x160 ./Drivers/STM32F4xx_HAL_Driver/Src/stm32f4xx_hal_tim.o
                0x0800414c                HAL_TIM_PWM_Start
 .text.HAL_TIM_PWM_ConfigChannel
                0x080042ac      0x184 ./Drivers/STM32F4xx_HAL_Driver/Src/stm32f4xx_hal_tim.o
                0x080042ac                HAL_TIM_PWM_ConfigChannel
 .text.TIM_Base_SetConfig
                0x08004430      0x10c ./Drivers/STM32F4xx_HAL_Driver/Src/stm32f4xx_hal_tim.o
                0x08004430                TIM_Base_SetConfig
 .text.TIM_OC1_SetConfig
                0x0800453c       0xcc ./Drivers/STM32F4xx_HAL_Driver/Src/stm32f4xx_hal_tim.o
 .text.TIM_OC2_SetConfig
                0x08004608       0xd8 ./Drivers/STM32F4xx_HAL_Driver/Src/stm32f4xx_hal_tim.o
                0x08004608                TIM_OC2_SetConfig
 .text.TIM_OC3_SetConfig
                0x080046e0       0xd4 ./Drivers/STM32F4xx_HAL_Driver/Src/stm32f4xx_hal_tim.o
 .text.TIM_OC4_SetConfig
                0x080047b4       0xa0 ./Drivers/STM32F4xx_HAL_Driver/Src/stm32f4xx_hal_tim.o
 .text.TIM_CCxChannelCmd
                0x08004854       0x4a ./Drivers/STM32F4xx_HAL_Driver/Src/stm32f4xx_hal_tim.o
                0x08004854                TIM_CCxChannelCmd
 *fill*         0x0800489e        0x2 
 .text.HAL_TIMEx_MasterConfigSynchronization
                0x080048a0       0xdc ./Drivers/STM32F4xx_HAL_Driver/Src/stm32f4xx_hal_tim_ex.o
                0x080048a0                HAL_TIMEx_MasterConfigSynchronization
 .text.memcmp   0x0800497c       0x20 /opt/st/stm32cubeide_2.0.0/plugins/com.st.stm32cube.ide.mcu.externaltools.gnu-tools-for-stm32.13.3.rel1.linux64_1.0.100.202509120712/tools/bin/../lib/gcc/arm-none-eabi/13.3.1/../../../../arm-none-eabi/lib/thumb/v7e-m+fp/hard/libc_nano.a(libc_a-memcmp.o)
                0x0800497c                memcmp
 .text.memset   0x0800499c       0x10 /opt/st/stm32cubeide_2.0.0/plugins/com.st.stm32cube.ide.mcu.externaltools.gnu-tools-for-stm32.13.3.rel1.linux64_1.0.100.202509120712/tools/bin/../lib/gcc/arm-none-eabi/13.3.1/../../../../arm-none-eabi/lib/thumb/v7e-m+fp/hard/libc_nano.a(libc_a-memset.o)
                0x0800499c                memset
 .text.__libc_init_array
                0x080049ac       0x48 /opt/st/stm32cubeide_2.0.0/plugins/com.st.stm32cube.ide.mcu.externaltools.gnu-tools-for-stm32.13.3.rel1.linux64_1.0.100.202509120712/tools/bin/../lib/gcc/arm-none-eabi/13.3.1/../../../../arm-none-eabi/lib/thumb/v7e-m+fp/hard/libc_nano.a(libc_a-init.o)
                0x080049ac                __libc_init_array
 *(.glue_7)
 .glue_7        0x080049f4        0x0 linker stubs
 *(.glue_7t)
 .glue_7t       0x080049f4        0x0 linker stubs
 *(.eh_frame)
 .eh_frame      0x080049f4        0x0 /opt/st/stm32cubeide_2.0.0/plugins/com.st.stm32cube.ide.mcu.externaltools.gnu-tools-for-stm32.13.3.rel1.linux64_1.0.100.202509120712/tools/bin/../lib/gcc/arm-none-eabi/13.3.1/thumb/v7e-m+fp/hard/crtbegin.o
 *(.init)
 .init          0x080049f4        0x4 /opt/st/stm32cubeide_2.0.0/plugins/com.st.stm32cube.ide.mcu.externaltools.gnu-tools-for-stm32.13.3.rel1.linux64_1.0.100.202509120712/tools/bin/../lib/gcc/arm-none-eabi/13.3.1/thumb/v7e-m+fp/hard/crti.o
                0x080049f4                _init
 .init          0x080049f8        0x8 /opt/st/stm32cubeide_2.0.0/plugins/com.st.stm32cube.ide.mcu.externaltools.gnu-tools-for-stm32.13.3.rel1.linux64_1.0.100.202509120712/tools/bin/../lib/gcc/arm-none-eabi/13.3.1/thumb/v7e-m+fp/hard/crtn.o
 *(.fini)
 .fini          0x08004a00        0x4 /opt/st/stm32cubeide_2.0.0/plugins/com.st.stm32cube.ide.mcu.externaltools.gnu-tools-for-stm32.13.3.rel1.linux64_1.0.100.202509120712/tools/bin/../lib/gcc/arm-none-eabi/13.3.1/thumb/v7e-m+fp/hard/crti.o
                0x08004a00                _fini
 .fini          0x08004a04        0x8 /opt/st/stm32cubeide_2.0.0/plugins/com.st.stm32cube.ide.mcu.externaltools.gnu-tools-for-stm32.13.3.rel1.linux64_1.0.100.202509120712/tools/bin/../lib/gcc/arm-none-eabi/13.3.1/thumb/v7e-m+fp/hard/crtn.o
                0x08004a0c                        . = ALIGN (0x4)
                0x08004a0c                        _etext = .

.vfp11_veneer   0x08004a0c        0x0
 .vfp11_veneer  0x08004a0c        0x0 linker stubs

.v4_bx          0x08004a0c        0x0
 .v4_bx         0x08004a0c        0x0 linker stubs

.iplt           0x08004a0c        0x0
 .iplt          0x08004a0c        0x0 /opt/st/stm32cubeide_2.0.0/plugins/com.st.stm32cube.ide.mcu.externaltools.gnu-tools-for-stm32.13.3.rel1.linux64_1.0.100.202509120712/tools/bin/../lib/gcc/arm-none-eabi/13.3.1/thumb/v7e-m+fp/hard/crtbegin.o

.rodata         0x08004a0c       0xb8
                0x08004a0c                        . = ALIGN (0x4)
 *(.rodata)
 .rodata        0x08004a0c       0x56 ./Core/Src/elevator.o
 *fill*         0x08004a62        0x2 
 .rodata        0x08004a64       0x17 ./Core/Src/main.o
 *(.rodata*)
 *fill*         0x08004a7b        0x1 
 .rodata.SEG_NUMBER
                0x08004a7c        0xa ./Core/Src/7seg.o
 *fill*         0x08004a86        0x2 
 .rodata.FND_IDX
                0x08004a88        0x4 ./Core/Src/fnd.o
 .rodata.HALF_STEP_SEQ
                0x08004a8c       0x20 ./Core/Src/stepper.o
 .rodata.AHBPrescTable
                0x08004aac       0x10 ./Core/Src/system_stm32f4xx.o
                0x08004aac                AHBPrescTable
 .rodata.APBPrescTable
                0x08004abc        0x8 ./Core/Src/system_stm32f4xx.o
                0x08004abc                APBPrescTable
                0x08004ac4                        . = ALIGN (0x4)

.ARM.extab      0x08004ac4        0x0
                0x08004ac4                        . = ALIGN (0x4)
 *(.ARM.extab* .gnu.linkonce.armextab.*)
                0x08004ac4                        . = ALIGN (0x4)

.ARM            0x08004ac4        0x8
                0x08004ac4                        . = ALIGN (0x4)
                0x08004ac4                        __exidx_start = .
 *(.ARM.exidx*)
 .ARM.exidx     0x08004ac4        0x8 /opt/st/stm32cubeide_2.0.0/plugins/com.st.stm32cube.ide.mcu.externaltools.gnu-tools-for-stm32.13.3.rel1.linux64_1.0.100.202509120712/tools/bin/../lib/gcc/arm-none-eabi/13.3.1/thumb/v7e-m+fp/hard/libgcc.a(_udivmoddi4.o)
                0x08004acc                        __exidx_end = .
                0x08004acc                        . = ALIGN (0x4)

.preinit_array  0x08004acc        0x0
                0x08004acc                        . = ALIGN (0x4)
                0x08004acc                        PROVIDE (__preinit_array_start = .)
 *(.preinit_array*)
                0x08004acc                        PROVIDE (__preinit_array_end = .)
                0x08004acc                        . = ALIGN (0x4)

.init_array     0x08004acc        0x4
                0x08004acc                        . = ALIGN (0x4)
                0x08004acc                        PROVIDE (__init_array_start = .)
 *(SORT_BY_NAME(.init_array.*))
 *(.init_array*)
 .init_array    0x08004acc        0x4 /opt/st/stm32cubeide_2.0.0/plugins/com.st.stm32cube.ide.mcu.externaltools.gnu-tools-for-stm32.13.3.rel1.linux64_1.0.100.202509120712/tools/bin/../lib/gcc/arm-none-eabi/13.3.1/thumb/v7e-m+fp/hard/crtbegin.o
                0x08004ad0                        PROVIDE (__init_array_end = .)
                0x08004ad0                        . = ALIGN (0x4)

.fini_array     0x08004ad0        0x4
                0x08004ad0                        . = ALIGN (0x4)
                [!provide]                        PROVIDE (__fini_array_start = .)
 *(SORT_BY_NAME(.fini_array.*))
 *(.fini_array*)
 .fini_array    0x08004ad0        0x4 /opt/st/stm32cubeide_2.0.0/plugins/com.st.stm32cube.ide.mcu.externaltools.gnu-tools-for-stm32.13.3.rel1.linux64_1.0.100.202509120712/tools/bin/../lib/gcc/arm-none-eabi/13.3.1/thumb/v7e-m+fp/hard/crtbegin.o
                [!provide]                        PROVIDE (__fini_array_end = .)
                0x08004ad4                        . = ALIGN (0x4)
                0x08004ad4                        _sidata = LOADADDR (.data)

.rel.dyn        0x08004ad4        0x0
 .rel.iplt      0x08004ad4        0x0 /opt/st/stm32cubeide_2.0.0/plugins/com.st.stm32cube.ide.mcu.externaltools.gnu-tools-for-stm32.13.3.rel1.linux64_1.0.100.202509120712/tools/bin/../lib/gcc/arm-none-eabi/13.3.1/thumb/v7e-m+fp/hard/crtbegin.o

.data           0x20000000       0x88 load address 0x08004ad4
                0x20000000                        . = ALIGN (0x4)
                0x20000000                        _sdata = .
 *(.data)
 *(.data*)
 .data.button   0x20000000       0x50 ./Core/Src/button.o
                0x20000000                button
 .data.current_floor
                0x20000050        0x1 ./Core/Src/elevator.o
                0x20000050                current_floor
 .data.last.2   0x20000051        0x1 ./Core/Src/elevator.o
 .data.last_floor.1
                0x20000052        0x1 ./Core/Src/elevator.o
 *fill*         0x20000053        0x1 
 .data.FND_SET  0x20000054       0x20 ./Core/Src/fnd.o
                0x20000054                FND_SET
 .data.idx1     0x20000074        0x4 ./Core/Src/ledbar.o
 .data.idx2     0x20000078        0x4 ./Core/Src/ledbar.o
 .data.SystemCoreClock
                0x2000007c        0x4 ./Core/Src/system_stm32f4xx.o
                0x2000007c                SystemCoreClock
 .data.uwTickPrio
                0x20000080        0x4 ./Drivers/STM32F4xx_HAL_Driver/Src/stm32f4xx_hal.o
                0x20000080                uwTickPrio
 .data.uwTickFreq
                0x20000084        0x1 ./Drivers/STM32F4xx_HAL_Driver/Src/stm32f4xx_hal.o
                0x20000084                uwTickFreq
 *(.RamFunc)
 *(.RamFunc*)
                0x20000088                        . = ALIGN (0x4)
 *fill*         0x20000085        0x3 
                0x20000088                        _edata = .

.igot.plt       0x20000088        0x0 load address 0x08004b5c
 .igot.plt      0x20000088        0x0 /opt/st/stm32cubeide_2.0.0/plugins/com.st.stm32cube.ide.mcu.externaltools.gnu-tools-for-stm32.13.3.rel1.linux64_1.0.100.202509120712/tools/bin/../lib/gcc/arm-none-eabi/13.3.1/thumb/v7e-m+fp/hard/crtbegin.o
                0x20000088                        . = ALIGN (0x4)

.bss            0x20000088      0x1d0 load address 0x08004b5c
                0x20000088                        _sbss = .
                0x20000088                        __bss_start__ = _sbss
 *(.bss)
 .bss           0x20000088       0x1c /opt/st/stm32cubeide_2.0.0/plugins/com.st.stm32cube.ide.mcu.externaltools.gnu-tools-for-stm32.13.3.rel1.linux64_1.0.100.202509120712/tools/bin/../lib/gcc/arm-none-eabi/13.3.1/thumb/v7e-m+fp/hard/crtbegin.o
 *(.bss*)
 .bss.lastRawLevel.3
                0x200000a4        0xa ./Core/Src/button.o
 *fill*         0x200000ae        0x2 
 .bss.lastChange.2
                0x200000b0       0x28 ./Core/Src/button.o
 .bss.stableLevel.1
                0x200000d8        0xa ./Core/Src/button.o
 *fill*         0x200000e2        0x2 
 .bss.latched.0
                0x200000e4        0xa ./Core/Src/button.o
 .bss.destination_floor
                0x200000ee        0x1 ./Core/Src/elevator.o
 .bss.requested_floor
                0x200000ef        0x1 ./Core/Src/elevator.o
 .bss.out_req_up
                0x200000f0        0x1 ./Core/Src/elevator.o
 .bss.out_req_down
                0x200000f1        0x1 ./Core/Src/elevator.o
 .bss.button_flag
                0x200000f2        0x1 ./Core/Src/elevator.o
 .bss.dest_in   0x200000f3        0x1 ./Core/Src/elevator.o
 .bss.upordown  0x200000f4        0x1 ./Core/Src/elevator.o
 .bss.openorclose
                0x200000f5        0x1 ./Core/Src/elevator.o
 *fill*         0x200000f6        0x2 
 .bss.doortick  0x200000f8        0x4 ./Core/Src/elevator.o
 .bss.lcd_once  0x200000fc        0x1 ./Core/Src/elevator.o
 .bss.lcd_open_once
                0x200000fd        0x1 ./Core/Src/elevator.o
 .bss.lcd_close_once
                0x200000fe        0x1 ./Core/Src/elevator.o
 .bss.last_dir.0
                0x200000ff        0x1 ./Core/Src/elevator.o
 .bss.display   0x20000100        0x4 ./Core/Src/fnd.o
 .bss.scan      0x20000104        0x1 ./Core/Src/fnd.o
 *fill*         0x20000105        0x3 
 .bss.prevTick  0x20000108        0x4 ./Core/Src/fnd.o
 .bss.hi2c1     0x2000010c       0x54 ./Core/Src/i2c.o
                0x2000010c                hi2c1
 .bss.Flag_lcd_init
                0x20000160        0x1 ./Core/Src/i2c_lcd.o
 *fill*         0x20000161        0x3 
 .bss.lcd_line0
                0x20000164       0x11 ./Core/Src/i2c_lcd.o
 *fill*         0x20000175        0x3 
 .bss.lcd_line1
                0x20000178       0x11 ./Core/Src/i2c_lcd.o
 *fill*         0x20000189        0x3 
 .bss.prev0     0x2000018c       0x11 ./Core/Src/i2c_lcd.o
 *fill*         0x2000019d        0x3 
 .bss.prev1     0x200001a0       0x11 ./Core/Src/i2c_lcd.o
 .bss.Pattern   0x200001b1        0x1 ./Core/Src/ledbar.o
 *fill*         0x200001b2        0x2 
 .bss.prevTick  0x200001b4        0x4 ./Core/Src/ledbar.o
 .bss.role1     0x200001b8        0x1 ./Core/Src/ledbar.o
 .bss.role2     0x200001b9        0x1 ./Core/Src/ledbar.o
 .bss.step      0x200001ba        0x1 ./Core/Src/stepper.o
 *fill*         0x200001bb        0x1 
 .bss.step_count
                0x200001bc        0x2 ./Core/Src/stepper.o
 *fill*         0x200001be        0x2 
 .bss.prevMoveTime
                0x200001c0        0x4 ./Core/Src/stepper.o
 .bss.htim3     0x200001c4       0x48 ./Core/Src/tim.o
                0x200001c4                htim3
 .bss.htim11    0x2000020c       0x48 ./Core/Src/tim.o
                0x2000020c                htim11
 .bss.uwTick    0x20000254        0x4 ./Drivers/STM32F4xx_HAL_Driver/Src/stm32f4xx_hal.o
                0x20000254                uwTick
 *(COMMON)
                0x20000258                        . = ALIGN (0x4)
                0x20000258                        _ebss = .
                0x20000258                        __bss_end__ = _ebss

._user_heap_stack
                0x20000258      0x600 load address 0x08004b5c
                0x20000258                        . = ALIGN (0x8)
                [!provide]                        PROVIDE (end = .)
                0x20000258                        PROVIDE (_end = .)
                0x20000458                        . = (. + _Min_Heap_Size)
 *fill*         0x20000258      0x200 
                0x20000858                        . = (. + _Min_Stack_Size)
 *fill*         0x20000458      0x400 
                0x20000858                        . = ALIGN (0x8)

/DISCARD/
 libc.a(*)
 libm.a(*)
 libgcc.a(*)

.ARM.attributes
                0x00000000       0x30
 *(.ARM.attributes)
 .ARM.attributes
                0x00000000       0x22 /opt/st/stm32cubeide_2.0.0/plugins/com.st.stm32cube.ide.mcu.externaltools.gnu-tools-for-stm32.13.3.rel1.linux64_1.0.100.202509120712/tools/bin/../lib/gcc/arm-none-eabi/13.3.1/thumb/v7e-m+fp/hard/crti.o
 .ARM.attributes
                0x00000022       0x34 /opt/st/stm32cubeide_2.0.0/plugins/com.st.stm32cube.ide.mcu.externaltools.gnu-tools-for-stm32.13.3.rel1.linux64_1.0.100.202509120712/tools/bin/../lib/gcc/arm-none-eabi/13.3.1/thumb/v7e-m+fp/hard/crtbegin.o
 .ARM.attributes
                0x00000056       0x34 ./Core/Src/7seg.o
 .ARM.attributes
                0x0000008a       0x34 ./Core/Src/button.o
 .ARM.attributes
                0x000000be       0x34 ./Core/Src/delay.o
 .ARM.attributes
                0x000000f2       0x34 ./Core/Src/elevator.o
 .ARM.attributes
                0x00000126       0x34 ./Core/Src/fnd.o
 .ARM.attributes
                0x0000015a       0x34 ./Core/Src/gpio.o
 .ARM.attributes
                0x0000018e       0x34 ./Core/Src/i2c.o
 .ARM.attributes
                0x000001c2       0x34 ./Core/Src/i2c_lcd.o
 .ARM.attributes
                0x000001f6       0x34 ./Core/Src/ledbar.o
 .ARM.attributes
                0x0000022a       0x34 ./Core/Src/main.o
 .ARM.attributes
                0x0000025e       0x34 ./Core/Src/motor.o
 .ARM.attributes
                0x00000292       0x34 ./Core/Src/stepper.o
 .ARM.attributes
                0x000002c6       0x34 ./Core/Src/stm32f4xx_hal_msp.o
 .ARM.attributes
                0x000002fa       0x34 ./Core/Src/stm32f4xx_it.o
 .ARM.attributes
                0x0000032e       0x34 ./Core/Src/system_stm32f4xx.o
 .ARM.attributes
                0x00000362       0x34 ./Core/Src/tim.o
 .ARM.attributes
                0x00000396       0x21 ./Core/Startup/startup_stm32f411retx.o
 .ARM.attributes
                0x000003b7       0x34 ./Drivers/STM32F4xx_HAL_Driver/Src/stm32f4xx_hal.o
 .ARM.attributes
                0x000003eb       0x34 ./Drivers/STM32F4xx_HAL_Driver/Src/stm32f4xx_hal_cortex.o
 .ARM.attributes
                0x0000041f       0x34 ./Drivers/STM32F4xx_HAL_Driver/Src/stm32f4xx_hal_gpio.o
 .ARM.attributes
                0x00000453       0x34 ./Drivers/STM32F4xx_HAL_Driver/Src/stm32f4xx_hal_i2c.o
 .ARM.attributes
                0x00000487       0x34 ./Drivers/STM32F4xx_HAL_Driver/Src/stm32f4xx_hal_rcc.o
 .ARM.attributes
                0x000004bb       0x34 ./Drivers/STM32F4xx_HAL_Driver/Src/stm32f4xx_hal_tim.o
 .ARM.attributes
                0x000004ef       0x34 ./Drivers/STM32F4xx_HAL_Driver/Src/stm32f4xx_hal_tim_ex.o
 .ARM.attributes
                0x00000523       0x34 /opt/st/stm32cubeide_2.0.0/plugins/com.st.stm32cube.ide.mcu.externaltools.gnu-tools-for-stm32.13.3.rel1.linux64_1.0.100.202509120712/tools/bin/../lib/gcc/arm-none-eabi/13.3.1/../../../../arm-none-eabi/lib/thumb/v7e-m+fp/hard/libc_nano.a(libc_a-memcmp.o)
 .ARM.attributes
                0x00000557       0x34 /opt/st/stm32cubeide_2.0.0/plugins/com.st.stm32cube.ide.mcu.externaltools.gnu-tools-for-stm32.13.3.rel1.linux64_1.0.100.202509120712/tools/bin/../lib/gcc/arm-none-eabi/13.3.1/../../../../arm-none-eabi/lib/thumb/v7e-m+fp/hard/libc_nano.a(libc_a-memset.o)
 .ARM.attributes
                0x0000058b       0x34 /opt/st/stm32cubeide_2.0.0/plugins/com.st.stm32cube.ide.mcu.externaltools.gnu-tools-for-stm32.13.3.rel1.linux64_1.0.100.202509120712/tools/bin/../lib/gcc/arm-none-eabi/13.3.1/../../../../arm-none-eabi/lib/thumb/v7e-m+fp/hard/libc_nano.a(libc_a-init.o)
 .ARM.attributes
                0x000005bf       0x22 /opt/st/stm32cubeide_2.0.0/plugins/com.st.stm32cube.ide.mcu.externaltools.gnu-tools-for-stm32.13.3.rel1.linux64_1.0.100.202509120712/tools/bin/../lib/gcc/arm-none-eabi/13.3.1/thumb/v7e-m+fp/hard/libgcc.a(_aeabi_uldivmod.o)
 .ARM.attributes
                0x000005e1       0x34 /opt/st/stm32cubeide_2.0.0/plugins/com.st.stm32cube.ide.mcu.externaltools.gnu-tools-for-stm32.13.3.rel1.linux64_1.0.100.202509120712/tools/bin/../lib/gcc/arm-none-eabi/13.3.1/thumb/v7e-m+fp/hard/libgcc.a(_udivmoddi4.o)
 .ARM.attributes
                0x00000615       0x22 /opt/st/stm32cubeide_2.0.0/plugins/com.st.stm32cube.ide.mcu.externaltools.gnu-tools-for-stm32.13.3.rel1.linux64_1.0.100.202509120712/tools/bin/../lib/gcc/arm-none-eabi/13.3.1/thumb/v7e-m+fp/hard/libgcc.a(_dvmd_tls.o)
 .ARM.attributes
                0x00000637       0x22 /opt/st/stm32cubeide_2.0.0/plugins/com.st.stm32cube.ide.mcu.externaltools.gnu-tools-for-stm32.13.3.rel1.linux64_1.0.100.202509120712/tools/bin/../lib/gcc/arm-none-eabi/13.3.1/thumb/v7e-m+fp/hard/crtn.o
OUTPUT(TEAM6_Elevator_ALL.elf elf32-littlearm)
LOAD linker stubs
LOAD /opt/st/stm32cubeide_2.0.0/plugins/com.st.stm32cube.ide.mcu.externaltools.gnu-tools-for-stm32.13.3.rel1.linux64_1.0.100.202509120712/tools/bin/../lib/gcc/arm-none-eabi/13.3.1/../../../../arm-none-eabi/lib/thumb/v7e-m+fp/hard/libc.a
LOAD /opt/st/stm32cubeide_2.0.0/plugins/com.st.stm32cube.ide.mcu.externaltools.gnu-tools-for-stm32.13.3.rel1.linux64_1.0.100.202509120712/tools/bin/../lib/gcc/arm-none-eabi/13.3.1/../../../../arm-none-eabi/lib/thumb/v7e-m+fp/hard/libm.a
LOAD /opt/st/stm32cubeide_2.0.0/plugins/com.st.stm32cube.ide.mcu.externaltools.gnu-tools-for-stm32.13.3.rel1.linux64_1.0.100.202509120712/tools/bin/../lib/gcc/arm-none-eabi/13.3.1/thumb/v7e-m+fp/hard/libgcc.a

.debug_info     0x00000000     0xe245
 .debug_info    0x00000000      0x252 ./Core/Src/7seg.o
 .debug_info    0x00000252      0x2c4 ./Core/Src/button.o
 .debug_info    0x00000516      0x653 ./Core/Src/delay.o
 .debug_info    0x00000b69      0x761 ./Core/Src/elevator.o
 .debug_info    0x000012ca      0x469 ./Core/Src/fnd.o
 .debug_info    0x00001733      0x5fc ./Core/Src/gpio.o
 .debug_info    0x00001d2f      0x9a5 ./Core/Src/i2c.o
 .debug_info    0x000026d4      0x9af ./Core/Src/i2c_lcd.o
 .debug_info    0x00003083      0x316 ./Core/Src/ledbar.o
 .debug_info    0x00003399      0xc40 ./Core/Src/main.o
 .debug_info    0x00003fd9      0x1c7 ./Core/Src/motor.o
 .debug_info    0x000041a0      0x2d7 ./Core/Src/stepper.o
 .debug_info    0x00004477      0x291 ./Core/Src/stm32f4xx_hal_msp.o
 .debug_info    0x00004708      0x16a ./Core/Src/stm32f4xx_it.o
 .debug_info    0x00004872      0x53e ./Core/Src/system_stm32f4xx.o
 .debug_info    0x00004db0      0xc18 ./Core/Src/tim.o
 .debug_info    0x000059c8       0x30 ./Core/Startup/startup_stm32f411retx.o
 .debug_info    0x000059f8      0x8c4 ./Drivers/STM32F4xx_HAL_Driver/Src/stm32f4xx_hal.o
 .debug_info    0x000062bc      0xcfc ./Drivers/STM32F4xx_HAL_Driver/Src/stm32f4xx_hal_cortex.o
 .debug_info    0x00006fb8      0x6f9 ./Drivers/STM32F4xx_HAL_Driver/Src/stm32f4xx_hal_gpio.o
 .debug_info    0x000076b1     0x2426 ./Drivers/STM32F4xx_HAL_Driver/Src/stm32f4xx_hal_i2c.o
 .debug_info    0x00009ad7      0x904 ./Drivers/STM32F4xx_HAL_Driver/Src/stm32f4xx_hal_rcc.o
 .debug_info    0x0000a3db     0x2996 ./Drivers/STM32F4xx_HAL_Driver/Src/stm32f4xx_hal_tim.o
 .debug_info    0x0000cd71     0x14d4 ./Drivers/STM32F4xx_HAL_Driver/Src/stm32f4xx_hal_tim_ex.o

.debug_abbrev   0x00000000     0x2c12
 .debug_abbrev  0x00000000      0x169 ./Core/Src/7seg.o
 .debug_abbrev  0x00000169      0x17d ./Core/Src/button.o
 .debug_abbrev  0x000002e6      0x171 ./Core/Src/delay.o
 .debug_abbrev  0x00000457      0x292 ./Core/Src/elevator.o
 .debug_abbrev  0x000006e9      0x250 ./Core/Src/fnd.o
 .debug_abbrev  0x00000939      0x173 ./Core/Src/gpio.o
 .debug_abbrev  0x00000aac      0x1f0 ./Core/Src/i2c.o
 .debug_abbrev  0x00000c9c      0x277 ./Core/Src/i2c_lcd.o
 .debug_abbrev  0x00000f13      0x19b ./Core/Src/ledbar.o
 .debug_abbrev  0x000010ae      0x292 ./Core/Src/main.o
 .debug_abbrev  0x00001340       0xa1 ./Core/Src/motor.o
 .debug_abbrev  0x000013e1      0x177 ./Core/Src/stepper.o
 .debug_abbrev  0x00001558       0xd8 ./Core/Src/stm32f4xx_hal_msp.o
 .debug_abbrev  0x00001630       0xa0 ./Core/Src/stm32f4xx_it.o
 .debug_abbrev  0x000016d0      0x11a ./Core/Src/system_stm32f4xx.o
 .debug_abbrev  0x000017ea      0x236 ./Core/Src/tim.o
 .debug_abbrev  0x00001a20       0x24 ./Core/Startup/startup_stm32f411retx.o
 .debug_abbrev  0x00001a44      0x24b ./Drivers/STM32F4xx_HAL_Driver/Src/stm32f4xx_hal.o
 .debug_abbrev  0x00001c8f      0x31d ./Drivers/STM32F4xx_HAL_Driver/Src/stm32f4xx_hal_cortex.o
 .debug_abbrev  0x00001fac      0x1d3 ./Drivers/STM32F4xx_HAL_Driver/Src/stm32f4xx_hal_gpio.o
 .debug_abbrev  0x0000217f      0x2bc ./Drivers/STM32F4xx_HAL_Driver/Src/stm32f4xx_hal_i2c.o
 .debug_abbrev  0x0000243b      0x2b6 ./Drivers/STM32F4xx_HAL_Driver/Src/stm32f4xx_hal_rcc.o
 .debug_abbrev  0x000026f1      0x28b ./Drivers/STM32F4xx_HAL_Driver/Src/stm32f4xx_hal_tim.o
 .debug_abbrev  0x0000297c      0x296 ./Drivers/STM32F4xx_HAL_Driver/Src/stm32f4xx_hal_tim_ex.o

.debug_aranges  0x00000000      0xf48
 .debug_aranges
                0x00000000       0x30 ./Core/Src/7seg.o
 .debug_aranges
                0x00000030       0x20 ./Core/Src/button.o
 .debug_aranges
                0x00000050       0x20 ./Core/Src/delay.o
 .debug_aranges
                0x00000070       0x90 ./Core/Src/elevator.o
 .debug_aranges
                0x00000100       0x80 ./Core/Src/fnd.o
 .debug_aranges
                0x00000180       0x20 ./Core/Src/gpio.o
 .debug_aranges
                0x000001a0       0x30 ./Core/Src/i2c.o
 .debug_aranges
                0x000001d0       0x78 ./Core/Src/i2c_lcd.o
 .debug_aranges
                0x00000248       0x50 ./Core/Src/ledbar.o
 .debug_aranges
                0x00000298       0x38 ./Core/Src/main.o
 .debug_aranges
                0x000002d0       0x28 ./Core/Src/motor.o
 .debug_aranges
                0x000002f8       0x38 ./Core/Src/stepper.o
 .debug_aranges
                0x00000330       0x20 ./Core/Src/stm32f4xx_hal_msp.o
 .debug_aranges
                0x00000350       0x78 ./Core/Src/stm32f4xx_it.o
 .debug_aranges
                0x000003c8       0x28 ./Core/Src/system_stm32f4xx.o
 .debug_aranges
                0x000003f0       0x50 ./Core/Src/tim.o
 .debug_aranges
                0x00000440       0x28 ./Core/Startup/startup_stm32f411retx.o
 .debug_aranges
                0x00000468       0xf0 ./Drivers/STM32F4xx_HAL_Driver/Src/stm32f4xx_hal.o
 .debug_aranges
                0x00000558      0x130 ./Drivers/STM32F4xx_HAL_Driver/Src/stm32f4xx_hal_cortex.o
 .debug_aranges
                0x00000688       0x58 ./Drivers/STM32F4xx_HAL_Driver/Src/stm32f4xx_hal_gpio.o
 .debug_aranges
                0x000006e0      0x2a8 ./Drivers/STM32F4xx_HAL_Driver/Src/stm32f4xx_hal_i2c.o
 .debug_aranges
                0x00000988       0x88 ./Drivers/STM32F4xx_HAL_Driver/Src/stm32f4xx_hal_rcc.o
 .debug_aranges
                0x00000a10      0x3d0 ./Drivers/STM32F4xx_HAL_Driver/Src/stm32f4xx_hal_tim.o
 .debug_aranges
                0x00000de0      0x168 ./Drivers/STM32F4xx_HAL_Driver/Src/stm32f4xx_hal_tim_ex.o

.debug_rnglists
                0x00000000      0xbea
 .debug_rnglists
                0x00000000       0x20 ./Core/Src/7seg.o
 .debug_rnglists
                0x00000020       0x14 ./Core/Src/button.o
 .debug_rnglists
                0x00000034       0x13 ./Core/Src/delay.o
 .debug_rnglists
                0x00000047       0x9b ./Core/Src/elevator.o
 .debug_rnglists
                0x000000e2       0x5c ./Core/Src/fnd.o
 .debug_rnglists
                0x0000013e       0x14 ./Core/Src/gpio.o
 .debug_rnglists
                0x00000152       0x20 ./Core/Src/i2c.o
 .debug_rnglists
                0x00000172       0x56 ./Core/Src/i2c_lcd.o
 .debug_rnglists
                0x000001c8       0x3a ./Core/Src/ledbar.o
 .debug_rnglists
                0x00000202       0x27 ./Core/Src/main.o
 .debug_rnglists
                0x00000229       0x19 ./Core/Src/motor.o
 .debug_rnglists
                0x00000242       0x26 ./Core/Src/stepper.o
 .debug_rnglists
                0x00000268       0x13 ./Core/Src/stm32f4xx_hal_msp.o
 .debug_rnglists
                0x0000027b       0x55 ./Core/Src/stm32f4xx_it.o
 .debug_rnglists
                0x000002d0       0x1a ./Core/Src/system_stm32f4xx.o
 .debug_rnglists
                0x000002ea       0x38 ./Core/Src/tim.o
 .debug_rnglists
                0x00000322       0x19 ./Core/Startup/startup_stm32f411retx.o
 .debug_rnglists
                0x0000033b       0xaf ./Drivers/STM32F4xx_HAL_Driver/Src/stm32f4xx_hal.o
 .debug_rnglists
                0x000003ea       0xe0 ./Drivers/STM32F4xx_HAL_Driver/Src/stm32f4xx_hal_cortex.o
 .debug_rnglists
                0x000004ca       0x3f ./Drivers/STM32F4xx_HAL_Driver/Src/stm32f4xx_hal_gpio.o
 .debug_rnglists
                0x00000509      0x23c ./Drivers/STM32F4xx_HAL_Driver/Src/stm32f4xx_hal_i2c.o
 .debug_rnglists
                0x00000745       0x66 ./Drivers/STM32F4xx_HAL_Driver/Src/stm32f4xx_hal_rcc.o
 .debug_rnglists
                0x000007ab      0x31a ./Drivers/STM32F4xx_HAL_Driver/Src/stm32f4xx_hal_tim.o
 .debug_rnglists
                0x00000ac5      0x125 ./Drivers/STM32F4xx_HAL_Driver/Src/stm32f4xx_hal_tim_ex.o

.debug_macro    0x00000000    0x17ac2
 .debug_macro   0x00000000      0x217 ./Core/Src/7seg.o
 .debug_macro   0x00000217      0xad8 ./Core/Src/7seg.o
 .debug_macro   0x00000cef      0x29b ./Core/Src/7seg.o
 .debug_macro   0x00000f8a       0x2e ./Core/Src/7seg.o
 .debug_macro   0x00000fb8       0x28 ./Core/Src/7seg.o
 .debug_macro   0x00000fe0       0x22 ./Core/Src/7seg.o
 .debug_macro   0x00001002       0x8e ./Core/Src/7seg.o
 .debug_macro   0x00001090       0x51 ./Core/Src/7seg.o
 .debug_macro   0x000010e1      0x103 ./Core/Src/7seg.o
 .debug_macro   0x000011e4       0x6a ./Core/Src/7seg.o
 .debug_macro   0x0000124e      0x1df ./Core/Src/7seg.o
 .debug_macro   0x0000142d       0x1c ./Core/Src/7seg.o
 .debug_macro   0x00001449       0x22 ./Core/Src/7seg.o
 .debug_macro   0x0000146b       0xfb ./Core/Src/7seg.o
 .debug_macro   0x00001566     0x1011 ./Core/Src/7seg.o
 .debug_macro   0x00002577      0x11f ./Core/Src/7seg.o
 .debug_macro   0x00002696     0xb968 ./Core/Src/7seg.o
 .debug_macro   0x0000dffe       0x6d ./Core/Src/7seg.o
 .debug_macro   0x0000e06b     0x3693 ./Core/Src/7seg.o
 .debug_macro   0x000116fe      0x190 ./Core/Src/7seg.o
 .debug_macro   0x0001188e       0x5c ./Core/Src/7seg.o
 .debug_macro   0x000118ea      0x45c ./Core/Src/7seg.o
 .debug_macro   0x00011d46      0x9e9 ./Core/Src/7seg.o
 .debug_macro   0x0001272f      0x115 ./Core/Src/7seg.o
 .debug_macro   0x00012844      0x11b ./Core/Src/7seg.o
 .debug_macro   0x0001295f       0xa5 ./Core/Src/7seg.o
 .debug_macro   0x00012a04      0x15f ./Core/Src/7seg.o
 .debug_macro   0x00012b63      0x287 ./Core/Src/7seg.o
 .debug_macro   0x00012dea       0x5f ./Core/Src/7seg.o
 .debug_macro   0x00012e49      0x236 ./Core/Src/7seg.o
 .debug_macro   0x0001307f      0x132 ./Core/Src/7seg.o
 .debug_macro   0x000131b1      0x264 ./Core/Src/7seg.o
 .debug_macro   0x00013415       0x2e ./Core/Src/7seg.o
 .debug_macro   0x00013443      0x1b5 ./Core/Src/7seg.o
 .debug_macro   0x000135f8       0x22 ./Core/Src/7seg.o
 .debug_macro   0x0001361a       0xd6 ./Core/Src/7seg.o
 .debug_macro   0x000136f0      0x127 ./Core/Src/7seg.o
 .debug_macro   0x00013817       0x85 ./Core/Src/7seg.o
 .debug_macro   0x0001389c       0x89 ./Core/Src/7seg.o
 .debug_macro   0x00013925      0x8ed ./Core/Src/7seg.o
 .debug_macro   0x00014212       0x47 ./Core/Src/7seg.o
 .debug_macro   0x00014259      0x126 ./Core/Src/7seg.o
 .debug_macro   0x0001437f       0x22 ./Core/Src/7seg.o
 .debug_macro   0x000143a1       0x2e ./Core/Src/7seg.o
 .debug_macro   0x000143cf      0x1f0 ./Core/Src/button.o
 .debug_macro   0x000145bf      0x1fb ./Core/Src/delay.o
 .debug_macro   0x000147ba      0x279 ./Core/Src/elevator.o
 .debug_macro   0x00014a33       0x4c ./Core/Src/elevator.o
 .debug_macro   0x00014a7f       0x28 ./Core/Src/elevator.o
 .debug_macro   0x00014aa7       0x2e ./Core/Src/elevator.o
 .debug_macro   0x00014ad5       0x22 ./Core/Src/elevator.o
 .debug_macro   0x00014af7       0x28 ./Core/Src/elevator.o
 .debug_macro   0x00014b1f       0x10 ./Core/Src/elevator.o
 .debug_macro   0x00014b2f      0x259 ./Core/Src/fnd.o
 .debug_macro   0x00014d88      0x1f1 ./Core/Src/gpio.o
 .debug_macro   0x00014f79      0x1f1 ./Core/Src/i2c.o
 .debug_macro   0x0001516a      0x2c3 ./Core/Src/i2c_lcd.o
 .debug_macro   0x0001542d       0x22 ./Core/Src/i2c_lcd.o
 .debug_macro   0x0001544f       0x61 ./Core/Src/i2c_lcd.o
 .debug_macro   0x000154b0       0x2a ./Core/Src/i2c_lcd.o
 .debug_macro   0x000154da       0x43 ./Core/Src/i2c_lcd.o
 .debug_macro   0x0001551d       0x34 ./Core/Src/i2c_lcd.o
 .debug_macro   0x00015551      0x370 ./Core/Src/i2c_lcd.o
 .debug_macro   0x000158c1       0x16 ./Core/Src/i2c_lcd.o
 .debug_macro   0x000158d7       0x4a ./Core/Src/i2c_lcd.o
 .debug_macro   0x00015921       0x34 ./Core/Src/i2c_lcd.o
 .debug_macro   0x00015955       0x10 ./Core/Src/i2c_lcd.o
 .debug_macro   0x00015965       0x58 ./Core/Src/i2c_lcd.o
 .debug_macro   0x000159bd       0x8e ./Core/Src/i2c_lcd.o
 .debug_macro   0x00015a4b       0x1c ./Core/Src/i2c_lcd.o
 .debug_macro   0x00015a67      0x185 ./Core/Src/i2c_lcd.o
 .debug_macro   0x00015bec       0x10 ./Core/Src/i2c_lcd.o
 .debug_macro   0x00015bfc       0x3c ./Core/Src/i2c_lcd.o
 .debug_macro   0x00015c38       0x20 ./Core/Src/i2c_lcd.o
 .debug_macro   0x00015c58      0x20d ./Core/Src/ledbar.o
 .debug_macro   0x00015e65      0x285 ./Core/Src/main.o
 .debug_macro   0x000160ea      0x200 ./Core/Src/motor.o
 .debug_macro   0x000162ea       0x1c ./Core/Src/motor.o
 .debug_macro   0x00016306      0x1ec ./Core/Src/stepper.o
 .debug_macro   0x000164f2       0x46 ./Core/Src/stepper.o
 .debug_macro   0x00016538      0x1e7 ./Core/Src/stm32f4xx_hal_msp.o
 .debug_macro   0x0001671f      0x1f1 ./Core/Src/stm32f4xx_it.o
 .debug_macro   0x00016910      0x1dd ./Core/Src/system_stm32f4xx.o
 .debug_macro   0x00016aed      0x1f1 ./Core/Src/tim.o
 .debug_macro   0x00016cde      0x23d ./Drivers/STM32F4xx_HAL_Driver/Src/stm32f4xx_hal.o
 .debug_macro   0x00016f1b      0x1dd ./Drivers/STM32F4xx_HAL_Driver/Src/stm32f4xx_hal_cortex.o
 .debug_macro   0x000170f8      0x1e3 ./Drivers/STM32F4xx_HAL_Driver/Src/stm32f4xx_hal_gpio.o
 .debug_macro   0x000172db      0x22b ./Drivers/STM32F4xx_HAL_Driver/Src/stm32f4xx_hal_i2c.o
 .debug_macro   0x00017506      0x201 ./Drivers/STM32F4xx_HAL_Driver/Src/stm32f4xx_hal_rcc.o
 .debug_macro   0x00017707      0x1de ./Drivers/STM32F4xx_HAL_Driver/Src/stm32f4xx_hal_tim.o
 .debug_macro   0x000178e5      0x1dd ./Drivers/STM32F4xx_HAL_Driver/Src/stm32f4xx_hal_tim_ex.o

.debug_line     0x00000000    0x13648
 .debug_line    0x00000000      0x736 ./Core/Src/7seg.o
 .debug_line    0x00000736      0x726 ./Core/Src/button.o
 .debug_line    0x00000e5c      0x6be ./Core/Src/delay.o
 .debug_line    0x0000151a      0xdcd ./Core/Src/elevator.o
 .debug_line    0x000022e7      0x8ab ./Core/Src/fnd.o
 .debug_line    0x00002b92      0x71c ./Core/Src/gpio.o
 .debug_line    0x000032ae      0x716 ./Core/Src/i2c.o
 .debug_line    0x000039c4      0xa3d ./Core/Src/i2c_lcd.o
 .debug_line    0x00004401      0x865 ./Core/Src/ledbar.o
 .debug_line    0x00004c66      0x7fa ./Core/Src/main.o
 .debug_line    0x00005460      0x6d8 ./Core/Src/motor.o
 .debug_line    0x00005b38      0x746 ./Core/Src/stepper.o
 .debug_line    0x0000627e      0x6a8 ./Core/Src/stm32f4xx_hal_msp.o
 .debug_line    0x00006926      0x79f ./Core/Src/stm32f4xx_it.o
 .debug_line    0x000070c5      0x71e ./Core/Src/system_stm32f4xx.o
 .debug_line    0x000077e3      0x7d3 ./Core/Src/tim.o
 .debug_line    0x00007fb6       0x7a ./Core/Startup/startup_stm32f411retx.o
 .debug_line    0x00008030      0x99a ./Drivers/STM32F4xx_HAL_Driver/Src/stm32f4xx_hal.o
 .debug_line    0x000089ca      0xc6a ./Drivers/STM32F4xx_HAL_Driver/Src/stm32f4xx_hal_cortex.o
 .debug_line    0x00009634      0xab6 ./Drivers/STM32F4xx_HAL_Driver/Src/stm32f4xx_hal_gpio.o
 .debug_line    0x0000a0ea     0x3a47 ./Drivers/STM32F4xx_HAL_Driver/Src/stm32f4xx_hal_i2c.o
 .debug_line    0x0000db31      0xda9 ./Drivers/STM32F4xx_HAL_Driver/Src/stm32f4xx_hal_rcc.o
 .debug_line    0x0000e8da     0x34d9 ./Drivers/STM32F4xx_HAL_Driver/Src/stm32f4xx_hal_tim.o
 .debug_line    0x00011db3     0x1895 ./Drivers/STM32F4xx_HAL_Driver/Src/stm32f4xx_hal_tim_ex.o

.debug_str      0x00000000    0x8e404
 .debug_str     0x00000000    0x8e404 ./Core/Src/7seg.o
                              0x86de1 (size before relaxing)
 .debug_str     0x0008e404        0x0 ./Core/Src/button.o
                              0x86d6f (size before relaxing)
 .debug_str     0x0008e404        0x0 ./Core/Src/delay.o
                              0x87166 (size before relaxing)
 .debug_str     0x0008e404        0x0 ./Core/Src/elevator.o
                              0x873e8 (size before relaxing)
 .debug_str     0x0008e404        0x0 ./Core/Src/fnd.o
                              0x86f2d (size before relaxing)
 .debug_str     0x0008e404        0x0 ./Core/Src/gpio.o
                              0x871c8 (size before relaxing)
 .debug_str     0x0008e404        0x0 ./Core/Src/i2c.o
                              0x87334 (size before relaxing)
 .debug_str     0x0008e404        0x0 ./Core/Src/i2c_lcd.o
                              0x8a552 (size before relaxing)
 .debug_str     0x0008e404        0x0 ./Core/Src/ledbar.o
                              0x86e4e (size before relaxing)
 .debug_str     0x0008e404        0x0 ./Core/Src/main.o
                              0x878f8 (size before relaxing)
 .debug_str     0x0008e404        0x0 ./Core/Src/motor.o
                              0x86ccc (size before relaxing)
 .debug_str     0x0008e404        0x0 ./Core/Src/stepper.o
                              0x86dd7 (size before relaxing)
 .debug_str     0x0008e404        0x0 ./Core/Src/stm32f4xx_hal_msp.o
                              0x86d35 (size before relaxing)
 .debug_str     0x0008e404        0x0 ./Core/Src/stm32f4xx_it.o
                              0x86d09 (size before relaxing)
 .debug_str     0x0008e404        0x0 ./Core/Src/system_stm32f4xx.o
                              0x86de5 (size before relaxing)
 .debug_str     0x0008e404        0x0 ./Core/Src/tim.o
                              0x874f4 (size before relaxing)
 .debug_str     0x0008e404        0x0 ./Core/Startup/startup_stm32f411retx.o
                                 0x8c (size before relaxing)
 .debug_str     0x0008e404        0x0 ./Drivers/STM32F4xx_HAL_Driver/Src/stm32f4xx_hal.o
                              0x87811 (size before relaxing)
 .debug_str     0x0008e404        0x0 ./Drivers/STM32F4xx_HAL_Driver/Src/stm32f4xx_hal_cortex.o
                              0x8757b (size before relaxing)
 .debug_str     0x0008e404        0x0 ./Drivers/STM32F4xx_HAL_Driver/Src/stm32f4xx_hal_gpio.o
                              0x86f60 (size before relaxing)
 .debug_str     0x0008e404        0x0 ./Drivers/STM32F4xx_HAL_Driver/Src/stm32f4xx_hal_i2c.o
                              0x87df6 (size before relaxing)
 .debug_str     0x0008e404        0x0 ./Drivers/STM32F4xx_HAL_Driver/Src/stm32f4xx_hal_rcc.o
                              0x87219 (size before relaxing)
 .debug_str     0x0008e404        0x0 ./Drivers/STM32F4xx_HAL_Driver/Src/stm32f4xx_hal_tim.o
                              0x8815d (size before relaxing)
 .debug_str     0x0008e404        0x0 ./Drivers/STM32F4xx_HAL_Driver/Src/stm32f4xx_hal_tim_ex.o
                              0x87969 (size before relaxing)

.comment        0x00000000       0x43
 .comment       0x00000000       0x43 ./Core/Src/7seg.o
                                 0x44 (size before relaxing)
 .comment       0x00000043        0x0 ./Core/Src/button.o
                                 0x44 (size before relaxing)
 .comment       0x00000043        0x0 ./Core/Src/delay.o
                                 0x44 (size before relaxing)
 .comment       0x00000043        0x0 ./Core/Src/elevator.o
                                 0x44 (size before relaxing)
 .comment       0x00000043        0x0 ./Core/Src/fnd.o
                                 0x44 (size before relaxing)
 .comment       0x00000043        0x0 ./Core/Src/gpio.o
                                 0x44 (size before relaxing)
 .comment       0x00000043        0x0 ./Core/Src/i2c.o
                                 0x44 (size before relaxing)
 .comment       0x00000043        0x0 ./Core/Src/i2c_lcd.o
                                 0x44 (size before relaxing)
 .comment       0x00000043        0x0 ./Core/Src/ledbar.o
                                 0x44 (size before relaxing)
 .comment       0x00000043        0x0 ./Core/Src/main.o
                                 0x44 (size before relaxing)
 .comment       0x00000043        0x0 ./Core/Src/motor.o
                                 0x44 (size before relaxing)
 .comment       0x00000043        0x0 ./Core/Src/stepper.o
                                 0x44 (size before relaxing)
 .comment       0x00000043        0x0 ./Core/Src/stm32f4xx_hal_msp.o
                                 0x44 (size before relaxing)
 .comment       0x00000043        0x0 ./Core/Src/stm32f4xx_it.o
                                 0x44 (size before relaxing)
 .comment       0x00000043        0x0 ./Core/Src/system_stm32f4xx.o
                                 0x44 (size before relaxing)
 .comment       0x00000043        0x0 ./Core/Src/tim.o
                                 0x44 (size before relaxing)
 .comment       0x00000043        0x0 ./Drivers/STM32F4xx_HAL_Driver/Src/stm32f4xx_hal.o
                                 0x44 (size before relaxing)
 .comment       0x00000043        0x0 ./Drivers/STM32F4xx_HAL_Driver/Src/stm32f4xx_hal_cortex.o
                                 0x44 (size before relaxing)
 .comment       0x00000043        0x0 ./Drivers/STM32F4xx_HAL_Driver/Src/stm32f4xx_hal_gpio.o
                                 0x44 (size before relaxing)
 .comment       0x00000043        0x0 ./Drivers/STM32F4xx_HAL_Driver/Src/stm32f4xx_hal_i2c.o
                                 0x44 (size before relaxing)
 .comment       0x00000043        0x0 ./Drivers/STM32F4xx_HAL_Driver/Src/stm32f4xx_hal_rcc.o
                                 0x44 (size before relaxing)
 .comment       0x00000043        0x0 ./Drivers/STM32F4xx_HAL_Driver/Src/stm32f4xx_hal_tim.o
                                 0x44 (size before relaxing)
 .comment       0x00000043        0x0 ./Drivers/STM32F4xx_HAL_Driver/Src/stm32f4xx_hal_tim_ex.o
                                 0x44 (size before relaxing)

.debug_frame    0x00000000     0x3d94
 .debug_frame   0x00000000       0x74 ./Core/Src/7seg.o
 .debug_frame   0x00000074       0x34 ./Core/Src/button.o
 .debug_frame   0x000000a8       0x38 ./Core/Src/delay.o
 .debug_frame   0x000000e0      0x224 ./Core/Src/elevator.o
 .debug_frame   0x00000304      0x1d0 ./Core/Src/fnd.o
 .debug_frame   0x000004d4       0x34 ./Core/Src/gpio.o
 .debug_frame   0x00000508       0x74 ./Core/Src/i2c.o
 .debug_frame   0x0000057c      0x1b0 ./Core/Src/i2c_lcd.o
 .debug_frame   0x0000072c       0xec ./Core/Src/ledbar.o
 .debug_frame   0x00000818       0x90 ./Core/Src/main.o
 .debug_frame   0x000008a8       0x50 ./Core/Src/motor.o
 .debug_frame   0x000008f8       0x9c ./Core/Src/stepper.o
 .debug_frame   0x00000994       0x38 ./Core/Src/stm32f4xx_hal_msp.o
 .debug_frame   0x000009cc      0x158 ./Core/Src/stm32f4xx_it.o
 .debug_frame   0x00000b24       0x58 ./Core/Src/system_stm32f4xx.o
 .debug_frame   0x00000b7c      0x114 ./Core/Src/tim.o
 .debug_frame   0x00000c90      0x374 ./Drivers/STM32F4xx_HAL_Driver/Src/stm32f4xx_hal.o
 .debug_frame   0x00001004      0x508 ./Drivers/STM32F4xx_HAL_Driver/Src/stm32f4xx_hal_cortex.o
 .debug_frame   0x0000150c      0x14c ./Drivers/STM32F4xx_HAL_Driver/Src/stm32f4xx_hal_gpio.o
 .debug_frame   0x00001658      0xc84 ./Drivers/STM32F4xx_HAL_Driver/Src/stm32f4xx_hal_i2c.o
 .debug_frame   0x000022dc      0x1f4 ./Drivers/STM32F4xx_HAL_Driver/Src/stm32f4xx_hal_rcc.o
 .debug_frame   0x000024d0     0x11b8 ./Drivers/STM32F4xx_HAL_Driver/Src/stm32f4xx_hal_tim.o
 .debug_frame   0x00003688      0x638 ./Drivers/STM32F4xx_HAL_Driver/Src/stm32f4xx_hal_tim_ex.o
 .debug_frame   0x00003cc0       0x28 /opt/st/stm32cubeide_2.0.0/plugins/com.st.stm32cube.ide.mcu.externaltools.gnu-tools-for-stm32.13.3.rel1.linux64_1.0.100.202509120712/tools/bin/../lib/gcc/arm-none-eabi/13.3.1/../../../../arm-none-eabi/lib/thumb/v7e-m+fp/hard/libc_nano.a(libc_a-memcmp.o)
 .debug_frame   0x00003ce8       0x20 /opt/st/stm32cubeide_2.0.0/plugins/com.st.stm32cube.ide.mcu.externaltools.gnu-tools-for-stm32.13.3.rel1.linux64_1.0.100.202509120712/tools/bin/../lib/gcc/arm-none-eabi/13.3.1/../../../../arm-none-eabi/lib/thumb/v7e-m+fp/hard/libc_nano.a(libc_a-memset.o)
 .debug_frame   0x00003d08       0x2c /opt/st/stm32cubeide_2.0.0/plugins/com.st.stm32cube.ide.mcu.externaltools.gnu-tools-for-stm32.13.3.rel1.linux64_1.0.100.202509120712/tools/bin/../lib/gcc/arm-none-eabi/13.3.1/../../../../arm-none-eabi/lib/thumb/v7e-m+fp/hard/libc_nano.a(libc_a-init.o)
 .debug_frame   0x00003d34       0x2c /opt/st/stm32cubeide_2.0.0/plugins/com.st.stm32cube.ide.mcu.externaltools.gnu-tools-for-stm32.13.3.rel1.linux64_1.0.100.202509120712/tools/bin/../lib/gcc/arm-none-eabi/13.3.1/thumb/v7e-m+fp/hard/libgcc.a(_aeabi_uldivmod.o)
 .debug_frame   0x00003d60       0x34 /opt/st/stm32cubeide_2.0.0/plugins/com.st.stm32cube.ide.mcu.externaltools.gnu-tools-for-stm32.13.3.rel1.linux64_1.0.100.202509120712/tools/bin/../lib/gcc/arm-none-eabi/13.3.1/thumb/v7e-m+fp/hard/libgcc.a(_udivmoddi4.o)

.debug_line_str
                0x00000000       0x70
 .debug_line_str
                0x00000000       0x70 ./Core/Startup/startup_stm32f411retx.o
