../Core/Src/elevator.c:62:13:DOOR_SET	16	static
../Core/Src/elevator.c:73:6:CHECK_FLOOR_OVERFLOW	16	static
../Core/Src/elevator.c:79:9:REQ_BIT	16	static
../Core/Src/elevator.c:89:6:REQ_CHECK	24	static
../Core/Src/elevator.c:105:6:REQ_TOGGLE	24	static
../Core/Src/elevator.c:114:9:REQ_NEAREST	24	static
../Core/Src/elevator.c:138:6:ELEVATOR_DIR	4	static
../Core/Src/elevator.c:157:6:OUT_REQ_SET_UP	24	static
../Core/Src/elevator.c:165:6:OUT_REQ_SET_DOWN	24	static
../Core/Src/elevator.c:174:6:OUT_REQ_CLEAR_UP	24	static
../Core/Src/elevator.c:182:6:OUT_REQ_CLEAR_DOWN	24	static
../Core/Src/elevator.c:191:6:ALL_OUTPUTS_OFF	8	static
../Core/Src/elevator.c:200:6:MOTOR_STOP	8	static
../Core/Src/elevator.c:210:6:CHANGED_FLOOR	24	static
../Core/Src/elevator.c:336:6:ELEVATOR_MOVE	16	static
