../Core/Src/i2c_lcd.c:16:26:lcd_i2c_tx	32	static
../Core/Src/i2c_lcd.c:37:6:lcd_command	24	static
../Core/Src/i2c_lcd.c:58:6:lcd_data	24	static
../Core/Src/i2c_lcd.c:81:6:i2c_lcd_init_check	8	static
../Core/Src/i2c_lcd.c:104:6:i2c_lcd_init	8	static
../Core/Src/i2c_lcd.c:109:6:lcd_string	16	static
../Core/Src/i2c_lcd.c:114:6:move_cursor	16	static
../Core/Src/i2c_lcd.c:129:13:fill_spaces_16	24	static
../Core/Src/i2c_lcd.c:135:13:make_line16	24	static
../Core/Src/i2c_lcd.c:144:6:LCD_ClearBuffers	8	static
../Core/Src/i2c_lcd.c:152:6:LCD_SetText2Lines	16	static
../Core/Src/i2c_lcd.c:159:6:LCD_CommitIfChanged	24	static
